[backblue.gif]
[fade.gif]
[index.html]
[www.urbanbees.co.uk/images/logo/Urban Bees logo.png]
[www.urbanbees.co.uk/images/1_logos/LI-In-Bug.png]
[www.urbanbees.co.uk/images/1_logos/1200px-Instagram_logo.png]
[www.urbanbees.co.uk/images/1_logos/LI-Logo.png]
[www.urbanbees.co.uk/images/1_logos/whatsapplogo.png]
[www.instagram.com/embed.js]
[www.urbanbees.co.uk/images/1_frontpage/salviaandspires.jpg]
[www.urbanbees.co.uk/PDFs/Rewilding Rooftop Garden.pdf]
[www.urbanbees.co.uk/PDFs/PDF_icon 50px.jpg]
[www.urbanbees.co.uk/PDFs/Make your business buzz.pdf]
[www.urbanbees.co.uk/images/beestosee/August 2024.jpg]
[www.urbanbees.co.uk/images/marthakearneyBBC.jpg]
[www.urbanbees.co.uk/images/1_logos/benjamin.jpg]
[www.urbanbees.co.uk/images/1_logos/whitespace.gif]
[www.urbanbees.co.uk/images/1_logos/tedxwarwick.jpg]
[www.urbanbees.co.uk/trees/treesforbeesA4-01.jpg]
[www.urbanbees.co.uk/index.html]
[www.urbanbees.co.uk/css/April21.css]
[www.urbanbees.co.uk/css/urban_css.css]
[www.urbanbees.co.uk/index-2.html]
[cse.google.com/fa68f.txt]
[www.urbanbees.co.uk/images/1_logos/hp_fbook.png]
[www.urbanbees.co.uk/images/1_logos/hp_twitter.png]
[www.urbanbees.co.uk/images/bees_images/honeybee.jpg]
[www.urbanbees.co.uk/images/bees_images/honeybee1.jpg]
[www.urbanbees.co.uk/images/bees_images/swarm.jpg]
[www.urbanbees.co.uk/images/bees_images/beekeeping.jpg]
[www.urbanbees.co.uk/images/bees_images/honey.jpg]
[www.urbanbees.co.uk/images/small pics/bumbblebee-feb-2012-005.jpg]
[www.urbanbees.co.uk/images/2_page_pics/whitetailedbumblebee.jpg]
[www.urbanbees.co.uk/images/solitary_images/mason_bee_on_nest_tubes.jpg]
[www.urbanbees.co.uk/images/solitary_images/mason_bee_emerging.jpg]
[www.urbanbees.co.uk/images/solitary_images/mason_bee.jpg]
[www.urbanbees.co.uk/images/solitary_images/leafcutter-Bee-in-flight.jpg]
[www.urbanbees.co.uk/images/solitary_images/leaf_cutter.jpg]
[www.google-analytics.com/analytics.js]
[www.urbanbees.co.uk/bees/bees.html]
[www.urbanbees.co.uk/plants/PlantsforBeesA4-01.jpg]
[www.urbanbees.co.uk/trees/tree-resize-150px/giff/acacia_dealbata_flower.gif]
[www.urbanbees.co.uk/trees/tree-resize-150px/giff/alder_catkins.gif]
[www.urbanbees.co.uk/trees/tree-resize-150px/JPEG/cherry_flower.jpg]
[www.urbanbees.co.uk/trees/tree-resize-150px/giff/salix_caprea.gif]
[www.urbanbees.co.uk/trees/tree-resize-150px/JPEG/Prunus_mume_G01.jpg]
[www.urbanbees.co.uk/trees/tree-resize-150px/giff/corylus_avellana.gif]
[www.urbanbees.co.uk/trees/tree-resize-150px/giff/hazel_kentish.gif]
[www.urbanbees.co.uk/trees/tree-resize-150px/giff/Prunus_Okame_Cherries.gif]
[www.urbanbees.co.uk/trees/tree-resize-150px/giff/prunus.gif]
[www.urbanbees.co.uk/trees/tree-resize-150px/giff/prunus_domestica.gif]
[www.urbanbees.co.uk/trees/tree-resize-150px/giff/blackthorn.gif]
[www.urbanbees.co.uk/images/wikipedia/commons/thumb/2/26/Acer_campestre_002.jpg/320px-Acer_campestre_002.jpg]
[www.urbanbees.co.uk/images/wikipedia/commons/thumb/a/a0/Amelanchier_lamarckii_bloem.jpg/300px-Amelanchier_lamarckii_bloem.jpg]
[www.urbanbees.co.uk/images/wikipedia/commons/thumb/2/21/QuinceBloom.jpg/296px-QuinceBloom.jpg]
[www.urbanbees.co.uk/images/wikipedia/commons/thumb/0/0b/L.styrax-flor-1.jpg/179px-L.styrax-flor-1.jpg]
[www.urbanbees.co.uk/images/wikipedia/commons/thumb/5/5a/Malus_sylvestris_002.JPG/320px-Malus_sylvestris_002.jpg]
[www.urbanbees.co.uk/images/wikipedia/commons/3/33/Prunus-avium.jpg]
[www.urbanbees.co.uk/images/wikipedia/commons/thumb/d/d8/Pyrus_communis_a1.jpg/320px-Pyrus_communis_a1.jpg]
[www.urbanbees.co.uk/images/wikipedia/commons/thumb/c/c3/Acer_pseudoplatanus_001.jpg/320px-Acer_pseudoplatanus_001.jpg]
[www.urbanbees.co.uk/images/wikipedia/commons/thumb/1/14/Aesculus_hippocastanum_23.jpg/180px-Aesculus_hippocastanum_23.jpg]
[www.urbanbees.co.uk/images/wikipedia/commons/thumb/a/af/Crataegus_monogyna_002.JPG/320px-Crataegus_monogyna_002.jpg]
[www.urbanbees.co.uk/images/wikipedia/commons/6/64/Halesia_carolina1.jpg]
[www.urbanbees.co.uk/images/wikipedia/commons/thumb/6/6d/Elaeagnus_umbellata1.jpg/450px-Elaeagnus_umbellata1.jpg]
[www.urbanbees.co.uk/images/wikipedia/commons/thumb/0/06/Sorbus_aucuparia_in_Donetsk_4.jpg/320px-Sorbus_aucuparia_in_Donetsk_4.jpg]
[www.urbanbees.co.uk/images/wikipedia/commons/thumb/e/e3/Tree_flower_dsc00980.jpg/320px-Tree_flower_dsc00980.jpg]
[www.urbanbees.co.uk/images/wikipedia/commons/thumb/3/33/Sorbus_aria_a2.jpg/320px-Sorbus_aria_a2.jpg]
[www.urbanbees.co.uk/images/wikipedia/commons/thumb/e/ea/Ilex_aquifolium_003.JPG/320px-Ilex_aquifolium_003.jpg]
[www.urbanbees.co.uk/images/wikipedia/commons/thumb/b/b7/Mespilus_germanica_Mispel_bloem.jpg/320px-Mespilus_germanica_Mispel_bloem.jpg]
[www.urbanbees.co.uk/trees/tree-resize-150px/giff/lime_150p.gif]
[www.urbanbees.co.uk/images/wikipedia/commons/thumb/f/fd/Ptelea_trifoliata_20050606_640_part.jpg/178px-Ptelea_trifoliata_20050606_640_part.jpg]
[www.urbanbees.co.uk/images/wikipedia/commons/thumb/2/2d/Robinia-pseudoacacia-12-V-2007-6025.jpg/320px-Robinia-pseudoacacia-12-V-2007-6025.jpg]
[www.urbanbees.co.uk/images/wikipedia/commons/5/5e/Robinia-hispida1.jpg]
[www.urbanbees.co.uk/images/wikipedia/commons/7/72/Aesculus_indica_Sydney_Pearce.jpg]
[www.urbanbees.co.uk/trees/tree-resize-150px/giff/Albizia_julibrissin.gif]
[www.urbanbees.co.uk/trees/tree-resize-150px/giff/cotinus_obovatus_David_Hawgood_ccbysa20.gif]
[www.urbanbees.co.uk/trees/tree-resize-150px/giff/shutterstock_555474718Optimized.gif]
[www.urbanbees.co.uk/images/wikipedia/commons/thumb/c/c6/Catalpa_bignonioides_inflorescence.jpg/320px-Catalpa_bignonioides_inflorescence.jpg]
[www.urbanbees.co.uk/images/wikipedia/commons/9/98/Eucryphia_glutinosa1.jpg]
[www.urbanbees.co.uk/images/wikipedia/commons/thumb/b/b2/Koelreuteria-paniculata-flowers.jpg/234px-Koelreuteria-paniculata-flowers.jpg]
[www.urbanbees.co.uk/trees/tree-resize-150px/giff/Hibiscus_Syriacus.gif]
[www.urbanbees.co.uk/trees/tree-resize-150px/JPEG/Aesculus_parviflora_Stanley_Park_400px.jpg]
[www.urbanbees.co.uk/trees/tree-resize-150px/JPEG/400px-Chitalpa_tashkentensis__Pink_Dawn_.jpg]
[www.urbanbees.co.uk/images/wikipedia/commons/thumb/9/9d/PagodaTreeFlowers.jpg/320px-PagodaTreeFlowers.jpg]
[www.urbanbees.co.uk/images/wikipedia/commons/thumb/5/59/Evodia_hupehensis_a1.jpg/320px-Evodia_hupehensis_a1.jpg]
[www.urbanbees.co.uk/images/wikipedia/commons/thumb/a/a8/LigustrumLucidumFlowers.jpg/320px-LigustrumLucidumFlowers.jpg]
[www.urbanbees.co.uk/trees/tree-resize-150px/giff/Clerodendrum-trichotomum.gif]
[www.urbanbees.co.uk/trees/Heptacodiummiconioides.jpg]
[www.urbanbees.co.uk/trees/tree-resize-150px/giff/Lagerstroemia_indica.gif]
[www.urbanbees.co.uk/images/wikipedia/commons/thumb/0/04/Eriobotrya_japonica_flowers.jpg/320px-Eriobotrya_japonica_flowers.jpg]
[www.urbanbees.co.uk/trees/tree-resize-150px/giff/strawberry1.gif]
[www.urbanbees.co.uk/trees/tree-resize-150px/JPEG/Vitex_agnus-castus_1.jpg]
[www.urbanbees.co.uk/trees/trees.html]
[www.urbanbees.co.uk/plants/plants_jpegs/Allium.jpg]
[www.urbanbees.co.uk/partners/partners.html]
[www.urbanbees.co.uk/links/links.html]
[www.urbanbees.co.uk/videos/video.html]
[www.urbanbees.co.uk/images/TheGoodBeefrontcover.jpg]
[www.urbanbees.co.uk/images/goodbee.jpg]
[www.urbanbees.co.uk/images/2_page_pics/KBAMH.jpg]
[www.urbanbees.co.uk/images/2_page_pics/a world without bees paper back.jpg]
[www.urbanbees.co.uk/shop/books.html]
[www.urbanbees.co.uk/images/2_page_pics/beekeeper_117px.jpg]
[www.urbanbees.co.uk/who/who.html]
[www.urbanbees.co.uk/images/2_page_pics/bees_on_frames.jpg]
[www.urbanbees.co.uk/contact/contact.html]
[www.urbanbees.co.uk/blog_1/index.html]
[www.instagram.com/embed.js]
[connect.facebook.net/en_GB/all.js]
[www.urbanbees.co.uk/images/1_logos/ub_logo_201px.jpg]
[www.urbanbees.co.uk/images/1_frontpage/martha.jpg]
[www.urbanbees.co.uk/audio/Martha Bees final_.mp3]
[www.urbanbees.co.uk/widgets.js]
[www.urbanbees.co.uk/bbc_today_programme/index.html]
[www.urbanbees.co.uk/courses/courses.html]
[www.urbanbees.co.uk/honey/store.html]
[www.urbanbees.co.uk/press/press.html]
[www.urbanbees.co.uk/disclaimer/disc.html]
[www.urbanbees.co.uk/gtag/jsf221.html]
[www.urbanbees.co.uk/plants/Plants_jpegs/helleborus_niger.jpg]
[www.urbanbees.co.uk/plants/Plants_jpegs/Eranthis-hyemalis.jpg]
[www.urbanbees.co.uk/plants/Plants_jpegs/Galanthus-nivalis.jpg]
[www.urbanbees.co.uk/plants/Plants_jpegs/crocus-tommasinianus.jpg]
[www.urbanbees.co.uk/plants/Plants_jpegs/Mahonia-aquifolium.jpg]
[www.urbanbees.co.uk/plants/Plants_jpegs/Lonicera-fragrantissima.jpg]
[www.urbanbees.co.uk/plants/Plants_jpegs/Viburnum_February_2008-1.jpg]
[www.urbanbees.co.uk/plants/Plants_jpegs/Erica.jpg]
[www.urbanbees.co.uk/plants/Plants_jpegs/Vinca_difformis.jpg]
[www.urbanbees.co.uk/plants/Plants_jpegs/Primula-vulgaris.jpg]
[www.urbanbees.co.uk/plants/Plants_jpegs/Pulmonaria-longifolia.jpg]
[www.urbanbees.co.uk/plants/Plants_jpegs/Bergenia.jpg]
[www.urbanbees.co.uk/plants/Plants_jpegs/Aubrieta.jpg]
[www.urbanbees.co.uk/plants/Plants_jpegs/Erysimum.jpg]
[www.urbanbees.co.uk/plants/Plants_jpegs/Dandelion.jpg]
[www.urbanbees.co.uk/plants/Plants_jpegs/Cyclamen.jpg]
[www.urbanbees.co.uk/plants/Plants_jpegs/Rosmarinus.jpg]
[www.urbanbees.co.uk/plants/Plants_jpegs/Myosotis.jpg]
[www.urbanbees.co.uk/plants/Plants_jpegs/Ajuga.jpg]
[www.urbanbees.co.uk/plants/Plants_jpegs/Lunaria.jpg]
[www.urbanbees.co.uk/plants/Plants_jpegs/Pentaglottis.jpg]
[www.urbanbees.co.uk/plants/Plants_jpegs/Ribes.jpg]
[www.urbanbees.co.uk/plants/Plants_jpegs/Lamium.jpg]
[www.urbanbees.co.uk/plants/Plants_jpegs/Choisya.jpg]
[www.urbanbees.co.uk/plants/Plants_jpegs/Ceanothus.jpg]
[www.urbanbees.co.uk/plants/Plants_jpegs/Lotus.jpg]
[www.urbanbees.co.uk/plants/Plants_jpegs/Allium-2.jpg]
[www.urbanbees.co.uk/plants/Plants_jpegs/Digitalis.jpg]
[www.urbanbees.co.uk/plants/Plants_jpegs/Nepeta.jpg]
[www.urbanbees.co.uk/plants/Plants_jpegs/Symphytum.jpg]
[www.urbanbees.co.uk/plants/Plants_jpegs/Trifolium.jpg]
[www.urbanbees.co.uk/plants/Plants_jpegs/Cotoneaster.jpg]
[www.urbanbees.co.uk/plants/Plants_jpegs/Pyracantha.jpg]
[www.urbanbees.co.uk/plants/Plants_jpegs/Ilex.jpg]
[www.urbanbees.co.uk/plants/Plants_jpegs/Cirsium.jpg]
[www.urbanbees.co.uk/plants/Plants_jpegs/Stachys.jpg]
[www.urbanbees.co.uk/plants/Plants_jpegs/Limnanthes.jpg]
[www.urbanbees.co.uk/plants/Plants_jpegs/Ligustrum.jpg]
[www.urbanbees.co.uk/plants/Plants_jpegs/Lonicera.jpg]
[www.urbanbees.co.uk/plants/Plants_jpegs/Lavandula.jpg]
[www.urbanbees.co.uk/plants/Plants_jpegs/Escallonia.jpg]
[www.urbanbees.co.uk/plants/Plants_jpegs/Geranium.jpg]
[www.urbanbees.co.uk/plants/Plants_jpegs/Cerinthe.jpg]
[www.urbanbees.co.uk/plants/Plants_jpegs/Malva.jpg]
[www.urbanbees.co.uk/plants/Plants_jpegs/Verbena.jpg]
[www.urbanbees.co.uk/plants/Plants_jpegs/Echium.jpg]
[www.urbanbees.co.uk/plants/Plants_jpegs/Echinacea.jpg]
[www.urbanbees.co.uk/plants/Plants_jpegs/Monarda.jpg]
[www.urbanbees.co.uk/plants/Plants_jpegs/Trifolium red.jpg]
[www.urbanbees.co.uk/plants/Plants_jpegs/Lavandula_intermedia.jpg]
[www.urbanbees.co.uk/plants/Plants_jpegs/Allium_sphaerocephalon.jpg]
[www.urbanbees.co.uk/plants/Plants_jpegs/Borago.jpg]
[www.urbanbees.co.uk/plants/Plants_jpegs/Centaurea.jpg]
[www.urbanbees.co.uk/plants/Plants_jpegs/Buddleia.jpg]
[www.urbanbees.co.uk/plants/Plants_jpegs/Cosmea.jpg]
[www.urbanbees.co.uk/plants/Plants_jpegs/Alcea.jpg]
[www.urbanbees.co.uk/plants/Plants_jpegs/hebe.jpg]
[www.urbanbees.co.uk/plants/Plants_jpegs/Echinops.jpg]
[www.urbanbees.co.uk/plants/Plants_jpegs/Agastache.jpg]
[www.urbanbees.co.uk/plants/Plants_jpegs/Helianthus.jpg]
[www.urbanbees.co.uk/plants/Plants_jpegs/Eupatorium.jpg]
[www.urbanbees.co.uk/plants/Plants_jpegs/Calluna.jpg]
[www.urbanbees.co.uk/plants/Plants_jpegs/Parthenocissus.jpg]
[www.urbanbees.co.uk/plants/Plants_jpegs/Parthenocissus_quinquefolia.jpg]
[www.urbanbees.co.uk/plants/Plants_jpegs/Anemone.jpg]
[www.urbanbees.co.uk/images/plantsforbees/sneezeweed.jpg]
[www.urbanbees.co.uk/plants/Plants_jpegs/Sedum.jpg]
[www.urbanbees.co.uk/plants/Plants_jpegs/Hedera.jpg]
[www.urbanbees.co.uk/plants/Plants_jpegs/Aster.jpg]
[www.urbanbees.co.uk/plants/Plants_jpegs/Origanum.jpg]
[www.urbanbees.co.uk/plants/Plants_jpegs/Salvia.jpg]
[www.urbanbees.co.uk/plants/Plants_jpegs/Solidago.jpg]
[www.urbanbees.co.uk/plants/Plants_jpegs/Actaea.jpg]
[www.urbanbees.co.uk/plants/Plants_jpegs/Penstemon.jpg]
[www.urbanbees.co.uk/plants/Plants_jpegs/Abelia.jpg]
[www.urbanbees.co.uk/plants/Plants_jpegs/Caryopteris.jpg]
[www.urbanbees.co.uk/plants/Plants_jpegs/Rudbeckia.jpg]
[www.urbanbees.co.uk/plants/Plants_jpegs/Colchicum.jpg]
[www.urbanbees.co.uk/plants/Plants_jpegs/helianthusLQ1.jpg]
[www.urbanbees.co.uk/plants/Plants_jpegs/cosmos.jpg]
[www.urbanbees.co.uk/plants/Plants_jpegs/hotlips.jpg]
[www.urbanbees.co.uk/plants/Plants_jpegs/persicaria.jpg]
[www.urbanbees.co.uk/plants/Plants_jpegs/Nerine_bowdenii_HRM2.jpg]
[www.urbanbees.co.uk/plants/Plants_jpegs/Succisa pratensis.jpg]
[www.urbanbees.co.uk/plants/plants.html]
[www.urbanbees.co.uk/images/2_page_pics/img_tour_pics/earlyJuneplanter..png]
[www.urbanbees.co.uk/images/2_page_pics/img_tour_pics/installedbeehotelandshard.png]
[www.urbanbees.co.uk/images/2_page_pics/img_tour_pics/agapanthusbeespotting.png]
[www.urbanbees.co.uk/images/2_page_pics/img_tour_pics/beehotelworkshopjuly2016.png]
[www.urbanbees.co.uk/partners/weil.html]
[www.urbanbees.co.uk/en_US/GB/i/btn/btn_buynowCC_LG.gif]
[www.urbanbees.co.uk/en_GB/i/scr/pixel.gif]
[www.urbanbees.co.uk/books/goodbeebook.html]
[www.urbanbees.co.uk/chrome-extension_/index.html]
[www.urbanbees.co.uk/$1/index.html]
[www.urbanbees.co.uk/embed/index.html]
[www.urbanbees.co.uk/captioned/index.html]
[connect.facebook.net/en_GB/all.js]
[www.urbanbees.co.uk/faq/faq.html]
[cct.google/taggy/agent.html]
